<html>
<body>
<pre>
<h1>µVision Build Log</h1>
<h2>Project:</h2>
C:\Keil\ARM\Boards\Keil\MCB1700\emWin\GUIDemo\GUIDemo.uvproj
Project File Date:  07/03/2012

<h2>Output:</h2>
Build target 'MCB1700'
assembling startup_LPC17xx.s...
compiling system_LPC17xx.c...
compiling LCDConf.c...
compiling LCD_X_SPI_LPC1700.c...
compiling JOY.c...
compiling GUIConf.c...
compiling GUI_X.c...
compiling main.c...
compiling GUIDEMO.c...
compiling GUIDEMO_Bitmap.c...
compiling GUIDEMO_ColorBar.c...
compiling GUIDEMO_Conf.c...
compiling GUIDEMO_Cursor.c...
compiling GUIDEMO_Graph.c...
compiling GUIDEMO_Intro.c...
compiling GUIDEMO_Resource.c...
compiling GUIDEMO_Speed.c...
compiling GUIDEMO_Start.c...
compiling GUIDEMO_TransparentDialog.c...
compiling GUIDEMO_Treeview.c...
linking...
Program Size: Code=104356 RO-data=149256 RW-data=2096 ZI-data=37848  
".\obj\GUIDemo.axf" - 0 Error(s), 0 Warning(s).
Load "C:\\Keil\\ARM\\Boards\\Keil\\MCB1700\\emWin\\GUIDemo\\obj\\GUIDemo.AXF" 
Set JLink Project File to "C:\Keil\ARM\Boards\Keil\MCB1700\emWin\GUIDemo\JLinkSettings.ini"
* JLink Info: Device "LPC1768" selected (512 KB flash, 32 KB RAM).
 
JLink info:
------------
DLL: V4.54a, compiled Sep 17 2012 15:58:45
Firmware: J-Link ARM-OB STM32 compiled Aug 22 2012 19:52:04
Hardware: V7.00
S/N : 37701108 
Feature(s) : RDI,FlashDL,FlashBP,JFlash,GDBFull 
 
* JLink Info: Found SWD-DP with ID 0x2BA01477
* JLink Info: TPIU fitted.
* JLink Info: ETM fitted.
* JLink Info: FPUnit: 6 code (BP) slots and 2 literal slots
* JLink Info: Found Cortex-M3 r2p0, Little endian.
ROMTableAddr = 0xE00FF003
 
Target info:
------------
Device: LPC1768
VTarget = 3.300V
State of Pins: 
TCK: 0, TDI: 0, TDO: 0, TMS: 0, TRES: 1, TRST: 1
Hardware-Breakpoints: 6
Software-Breakpoints: 8192
Watchpoints:          4
JTAG speed: 2000 kHz
 
No Algorithm found for: 00000000H - 0000FFFFH
No Algorithm found for: 00010000H - 0001FFFFH
No Algorithm found for: 00020000H - 0002FFFFH
No Algorithm found for: 00030000H - 0003E1FBH
Erase skipped!
Load "C:\\Keil\\ARM\\Boards\\Keil\\MCB1700\\emWin\\GUIDemo\\obj\\GUIDemo.AXF" 
Set JLink Project File to "C:\Keil\ARM\Boards\Keil\MCB1700\emWin\GUIDemo\JLinkSettings.ini"
* JLink Info: Device "LPC1768" selected (512 KB flash, 32 KB RAM).
 
JLink info:
------------
DLL: V4.54a, compiled Sep 17 2012 15:58:45
Firmware: J-Link ARM-OB STM32 compiled Aug 22 2012 19:52:04
Hardware: V7.00
S/N : 37701108 
Feature(s) : RDI,FlashDL,FlashBP,JFlash,GDBFull 
 
* JLink Info: Found SWD-DP with ID 0x2BA01477
* JLink Info: TPIU fitted.
* JLink Info: ETM fitted.
* JLink Info: FPUnit: 6 code (BP) slots and 2 literal slots
* JLink Info: Found Cortex-M3 r2p0, Little endian.
ROMTableAddr = 0xE00FF003
 
Target info:
------------
Device: LPC1768
VTarget = 3.300V
State of Pins: 
TCK: 0, TDI: 0, TDO: 0, TMS: 0, TRES: 1, TRST: 1
Hardware-Breakpoints: 6
Software-Breakpoints: 8192
Watchpoints:          4
JTAG speed: 2000 kHz
 
Full Chip Erase Done.
Programming Done.
Verify OK.
